0 verbose cli C:\nvm4w122\nodejs\node.exe C:\nvm4w122\nodejs\node_modules\npm\bin\npm-cli.js
1 info using npm@12.0.2
2 info using node@v24.18.0
3 silly config load:file:C:\ProgramData\nvm122\v24.18.0\node_modules\npm\npmrc
4 silly config load:file:Z:\~Labs\Codes\javascript\reactjs\~security\react-node-express-mysql-jwt-boilerplate\frontend\.npmrc
5 silly config load:file:C:\Users\Huy\.npmrc
6 silly config load:file:Z:\~Labs\Codes\javascript\reactjs\~security\react-node-express-mysql-jwt-boilerplate\frontend\etc\npmrc
7 verbose title npm run build
8 verbose argv "--prefix" "frontend" "run" "build"
9 verbose logfile logs-max:10 dir:Z:\~Labs\Codes\javascript\reactjs\~security\react-node-express-mysql-jwt-boilerplate\.npm-cache\_logs\2026-09-12T20_27_00_970Z-
10 verbose logfile Z:\~Labs\Codes\javascript\reactjs\~security\react-node-express-mysql-jwt-boilerplate\.npm-cache\_logs\2026-09-12T20_27_00_970Z-debug-0.log
11 silly logfile done cleaning log files
12 notice run node-express-boilerplate@0.0.0 build
13 notice run tsc && vite build
14 verbose cwd Z:\~Labs\Codes\javascript\reactjs\~security\react-node-express-mysql-jwt-boilerplate
15 verbose os Windows_NT 10.0.26100
16 verbose node v24.18.0
17 verbose npm  v12.0.2
18 verbose exit 0
19 info ok
